[debug] [2026-07-28T08:58:15.489Z] ----------------------------------------------------------------------
[debug] [2026-07-28T08:58:15.490Z] Command:       /Users/elangovan/.nvm/versions/node/v20.20.2/bin/node /Users/elangovan/.nvm/versions/node/v20.20.2/bin/firebase deploy --only firestore:rules
[debug] [2026-07-28T08:58:15.490Z] CLI Version:   15.18.0
[debug] [2026-07-28T08:58:15.490Z] Platform:      darwin
[debug] [2026-07-28T08:58:15.490Z] Node Version:  v20.20.2
[debug] [2026-07-28T08:58:15.490Z] Time:          Tue Jul 28 2026 14:28:15 GMT+0530 (India Standard Time)
[debug] [2026-07-28T08:58:15.491Z] ----------------------------------------------------------------------
[debug] 
[debug] [2026-07-28T08:58:15.491Z] >>> [apiv2][query] GET https://firebase-public.firebaseio.com/cli.json [none]
[debug] [2026-07-28T08:58:16.240Z] > command requires scopes: ["email","openid","https://www.googleapis.com/auth/cloudplatformprojects.readonly","https://www.googleapis.com/auth/firebase","https://www.googleapis.com/auth/cloud-platform"]
[debug] [2026-07-28T08:58:16.240Z] > authorizing via signed-in user (darshniraj47@gmail.com)
[debug] [2026-07-28T08:58:16.240Z] [iam] checking project factorymind-msme for permissions ["datastore.indexes.create","datastore.indexes.delete","datastore.indexes.list","datastore.indexes.update","firebase.projects.get"]
[debug] [2026-07-28T08:58:16.241Z] Checked if tokens are valid: false, expires at: 1785097882537
[debug] [2026-07-28T08:58:16.241Z] Checked if tokens are valid: false, expires at: 1785097882537
[debug] [2026-07-28T08:58:16.241Z] > refreshing access token with scopes: []
[debug] [2026-07-28T08:58:16.241Z] >>> [apiv2][query] POST https://www.googleapis.com/oauth2/v3/token [none]
[debug] [2026-07-28T08:58:16.241Z] >>> [apiv2][body] POST https://www.googleapis.com/oauth2/v3/token [omitted]
[debug] [2026-07-28T08:58:23.095Z] <<< [apiv2][status] GET https://firebase-public.firebaseio.com/cli.json 200
[debug] [2026-07-28T08:58:23.095Z] <<< [apiv2][body] GET https://firebase-public.firebaseio.com/cli.json {"cloudBuildErrorAfter":1594252800000,"cloudBuildWarnAfter":1590019200000,"defaultNode10After":1594252800000,"minVersion":"3.0.5","node8DeploysDisabledAfter":1613390400000,"node8RuntimeDisabledAfter":1615809600000,"node8WarnAfter":1600128000000}
[debug] [2026-07-28T08:58:37.613Z] ----------------------------------------------------------------------
[debug] [2026-07-28T08:58:37.614Z] Command:       /Users/elangovan/.nvm/versions/node/v20.20.2/bin/node /Users/elangovan/.nvm/versions/node/v20.20.2/bin/firebase deploy --only firestore:indexes
[debug] [2026-07-28T08:58:37.614Z] CLI Version:   15.18.0
[debug] [2026-07-28T08:58:37.614Z] Platform:      darwin
[debug] [2026-07-28T08:58:37.614Z] Node Version:  v20.20.2
[debug] [2026-07-28T08:58:37.614Z] Time:          Tue Jul 28 2026 14:28:37 GMT+0530 (India Standard Time)
[debug] [2026-07-28T08:58:37.614Z] ----------------------------------------------------------------------
[debug] 
[debug] [2026-07-28T08:58:38.215Z] > command requires scopes: ["email","openid","https://www.googleapis.com/auth/cloudplatformprojects.readonly","https://www.googleapis.com/auth/firebase","https://www.googleapis.com/auth/cloud-platform"]
[debug] [2026-07-28T08:58:38.215Z] > authorizing via signed-in user (darshniraj47@gmail.com)
[debug] [2026-07-28T08:58:38.215Z] [iam] checking project factorymind-msme for permissions ["datastore.indexes.create","datastore.indexes.delete","datastore.indexes.list","datastore.indexes.update","firebase.projects.get"]
[debug] [2026-07-28T08:58:38.215Z] Checked if tokens are valid: false, expires at: 1785097882537
[debug] [2026-07-28T08:58:38.215Z] Checked if tokens are valid: false, expires at: 1785097882537
[debug] [2026-07-28T08:58:38.216Z] > refreshing access token with scopes: []
[debug] [2026-07-28T08:58:38.216Z] >>> [apiv2][query] POST https://www.googleapis.com/oauth2/v3/token [none]
[debug] [2026-07-28T08:58:38.216Z] >>> [apiv2][body] POST https://www.googleapis.com/oauth2/v3/token [omitted]
[debug] [2026-07-28T08:58:57.214Z] *** [apiv2] error from fetch(https://www.googleapis.com/oauth2/v3/token, {"headers":{},"method":"POST","body":{"_overheadLength":545,"_valueLength":212,"_valuesToMeasure":[],"writable":false,"readable":true,"dataSize":0,"maxDataSize":2097152,"pauseStreams":true,"_released":true,"_streams":[],"_currentStream":null,"_insideLoop":false,"_pendingNext":false,"_boundary":"--------------------------da772707b811e4d6f54fb45b","_events":{},"_eventsCount":1}}): FetchError: request to https://www.googleapis.com/oauth2/v3/token failed, reason: socket hang up
[error] Authentication Error: Your credentials are no longer valid. Please run firebase login --reauth

For CI servers and headless environments, generate a new token with firebase login:ci
[debug] [2026-07-28T08:58:57.214Z] [iam] error while checking permissions, command may fail: Authentication Error: Your credentials are no longer valid. Please run firebase login --reauth

For CI servers and headless environments, generate a new token with firebase login:ci
[info] 
[info] === Deploying to 'factorymind-msme'...
[info] 
[info] i  deploying firestore 
[info] i  firestore: ensuring required API firestore.googleapis.com is enabled... 
[debug] [2026-07-28T08:58:57.217Z] Checked if tokens are valid: false, expires at: 1785097882537
[debug] [2026-07-28T08:58:57.217Z] Checked if tokens are valid: false, expires at: 1785097882537
[debug] [2026-07-28T08:58:57.218Z] > refreshing access token with scopes: []
[debug] [2026-07-28T08:58:57.218Z] >>> [apiv2][query] POST https://www.googleapis.com/oauth2/v3/token [none]
[debug] [2026-07-28T08:58:57.218Z] >>> [apiv2][body] POST https://www.googleapis.com/oauth2/v3/token [omitted]
[debug] [2026-07-28T08:58:58.753Z] <<< [apiv2][status] POST https://www.googleapis.com/oauth2/v3/token 200
[debug] [2026-07-28T08:58:58.753Z] <<< [apiv2][body] POST https://www.googleapis.com/oauth2/v3/token [omitted]
[debug] [2026-07-28T08:58:58.768Z] >>> [apiv2][query] GET https://serviceusage.googleapis.com/v1/projects/factorymind-msme/services/firestore.googleapis.com [none]
[debug] [2026-07-28T08:58:58.768Z] >>> [apiv2][(partial)header] GET https://serviceusage.googleapis.com/v1/projects/factorymind-msme/services/firestore.googleapis.com  x-goog-user-project=factorymind-msme
[debug] [2026-07-28T08:59:02.527Z] <<< [apiv2][status] GET https://serviceusage.googleapis.com/v1/projects/factorymind-msme/services/firestore.googleapis.com 403
[debug] [2026-07-28T08:59:02.527Z] <<< [apiv2][body] GET https://serviceusage.googleapis.com/v1/projects/factorymind-msme/services/firestore.googleapis.com [omitted]
[debug] [2026-07-28T08:59:07.531Z] Error: Timed out.
    at Timeout._onTimeout (/Users/elangovan/.nvm/versions/node/v20.20.2/lib/node_modules/firebase-tools/lib/utils.js:309:49)
    at listOnTimeout (node:internal/timers:581:17)
    at process.processTimers (node:internal/timers:519:7)
[error] 
[error] Error: An unexpected error has occurred.
